// Jest Snapshot v1, https://goo.gl/fbAQLP

exports[`renders DefaultWeather component correctly 1`] = `<DocumentFragment />`;
